<?xml version="1.0" encoding="UTF-8"?>
<testsuites>
  <testsuite name="Tests\Feature\Api\ContactConfigTest" file="C:\Users\USER\Desktop\projects\Executive Cricket Club\tests\Feature\Api\ContactConfigTest.php" tests="1" assertions="0" errors="1" failures="0" skipped="0" time="1.386127">
    <testcase name="admin_can_update_config_via_livewire" file="C:\Users\USER\Desktop\projects\Executive Cricket Club\tests\Feature\Api\ContactConfigTest.php" line="54" class="Tests\Feature\Api\ContactConfigTest" classname="Tests.Feature.Api.ContactConfigTest" assertions="0" time="1.386127">
      <error type="Illuminate\Database\QueryException">Tests\Feature\Api\ContactConfigTest::admin_can_update_config_via_livewire&#13;
Illuminate\Database\QueryException: SQLSTATE[HY000]: General error: 1 table users has no column named role (Connection: sqlite, SQL: insert into "users" ("name", "email", "email_verified_at", "password", "remember_token", "role", "updated_at", "created_at") values (Kenya O'Reilly, kdicki@example.org, 2026-02-12 23:22:00, $2y$04$99kkhwyU.viGCgHd7WStgOYwWaOik9JNe3Y8ZTOTzU7/QvCRO3S9S, 4pzbtgCjh2, admin, 2026-02-12 23:22:00, 2026-02-12 23:22:00))
&#13;
C:\Users\USER\Desktop\projects\Executive Cricket Club\vendor\laravel\framework\src\Illuminate\Database\Connection.php:825
C:\Users\USER\Desktop\projects\Executive Cricket Club\vendor\laravel\framework\src\Illuminate\Database\Connection.php:779
C:\Users\USER\Desktop\projects\Executive Cricket Club\vendor\laravel\framework\src\Illuminate\Database\Connection.php:560
C:\Users\USER\Desktop\projects\Executive Cricket Club\vendor\laravel\framework\src\Illuminate\Database\Connection.php:524
C:\Users\USER\Desktop\projects\Executive Cricket Club\vendor\laravel\framework\src\Illuminate\Database\Query\Processors\Processor.php:32
C:\Users\USER\Desktop\projects\Executive Cricket Club\vendor\laravel\framework\src\Illuminate\Database\Query\Builder.php:3766
C:\Users\USER\Desktop\projects\Executive Cricket Club\vendor\laravel\framework\src\Illuminate\Database\Eloquent\Builder.php:2120
C:\Users\USER\Desktop\projects\Executive Cricket Club\vendor\laravel\framework\src\Illuminate\Database\Eloquent\Model.php:1359
C:\Users\USER\Desktop\projects\Executive Cricket Club\vendor\laravel\framework\src\Illuminate\Database\Eloquent\Model.php:1324
C:\Users\USER\Desktop\projects\Executive Cricket Club\vendor\laravel\framework\src\Illuminate\Database\Eloquent\Model.php:1163
C:\Users\USER\Desktop\projects\Executive Cricket Club\vendor\laravel\framework\src\Illuminate\Database\Eloquent\Factories\Factory.php:352
C:\Users\USER\Desktop\projects\Executive Cricket Club\vendor\laravel\framework\src\Illuminate\Collections\Traits\EnumeratesValues.php:261
C:\Users\USER\Desktop\projects\Executive Cricket Club\vendor\laravel\framework\src\Illuminate\Database\Eloquent\Factories\Factory.php:347
C:\Users\USER\Desktop\projects\Executive Cricket Club\vendor\laravel\framework\src\Illuminate\Database\Eloquent\Factories\Factory.php:303
C:\Users\USER\Desktop\projects\Executive Cricket Club\vendor\laravel\framework\src\Illuminate\Database\Eloquent\Factories\Factory.php:297
C:\Users\USER\Desktop\projects\Executive Cricket Club\tests\Feature\Api\ContactConfigTest.php:56</error>
    </testcase>
  </testsuite>
</testsuites>
